Point 0 : {1, 2, 3, 4, 0, 6, 7, 8, 9, 10}
Seed 0 : {1, 2, 3, 4, 5, 6, 7, 8, 9, 10}
0 11
1 24
2 39
3 56
4 75
5 96
6 119
7 144
8 171
9 200
Point 0 : {11, 12, 13, 14, 15, 16, 17, 18, 19, 20}
Seed 0 : {11, 12, 13, 14, 15, 16, 17, 18, 19, 20}
0 1
1 4
2 9
3 16
4 0
5 36
6 49
7 64
8 81
9 100
