Point 0 : {1, 2, 3, 4, 5, 6, 7, 8, 9, 10}
Seed 0 : {1, 2, 3, 4, 5, 6, 7, 8, 9, 10}
0 1
1 2
2 3
3 4
4 5
5 101
6 102
7 103
8 104
9 105
Point 0 : {11, 12, 13, 14, 15, 16, 17, 18, 19, 20}
Seed 0 : {101, 102, 103, 104, 105, 106, 107, 108, 109, 110}
0 6
1 7
2 8
3 9
4 10
5 106
6 107
7 108
8 109
9 110
