Point 0 : {1, 2, 3, 4, 5, 6, 7, 8, 9, 10}
Seed 0 : {1, 2, 3, 4, 5, 6, 7, 8, 9, 10, 11, 12, 13, 14, 15, 16, 17, 18, 19, 20}
0 102
1 104
2 106
3 108
4 110
5 112
6 114
7 116
8 118
9 120
Point 0 : {11, 12, 13, 14, 15, 16, 17, 18, 19, 20}
Seed 0 : {101, 102, 103, 104, 105, 106, 107, 108, 109, 110, 111, 112, 113, 114, 115, 116, 117, 118, 119, 120}
0 122
1 124
2 126
3 128
4 130
5 132
6 134
7 136
8 138
9 140
