Point 0 : {1, 2, 3, 4, 5, 6, 7, 8, 9, 10}
Seed 0 : {1, 2, 3, 4, 5, 6, 7, 8, 9, 10}
0 122
1 146
2 172
3 200
4 230
5 262
6 296
7 332
8 370
9 410
Point 0 : {11, 12, 13, 14, 15, 16, 17, 18, 19, 20}
Seed 0 : {11, 12, 13, 14, 15, 16, 17, 18, 19, 20}
0 11
1 24
2 39
3 56
4 75
5 96
6 119
7 144
8 171
9 200
