Point 0 : {1, 2, 3, 4, 5, 6, 7, 8, 9, 10}
Seed 0 : {1, 2, 3, 4, 5, 6, 7, 8, 9, 10}
0 12
1 14
2 16
3 18
4 20
5 22
6 24
7 26
8 28
9 30
Point 0 : {11, 12, 13, 14, 15, 16, 17, 18, 19, 20}
Seed 0 : {11, 12, 13, 14, 15, 16, 17, 18, 19, 20}
0 0
1 0
2 0
3 0
4 0
5 0
6 0
7 0
8 0
9 0
