Point 0 : {1, 2, 3, 4, 5, 6, 7, 8, 9, 10}
Seed 0 : {1, 2, 3, 4, 5, 6, 7, 8, 9, 10}
0 132
1 168
2 208
3 252
4 300
5 352
6 408
7 468
8 532
9 600
Point 0 : {11, 12, 13, 14, 15, 16, 17, 18, 19, 20}
Seed 0 : {11, 12, 13, 14, 15, 16, 17, 18, 19, 20}
0 12
1 28
2 48
3 72
4 100
5 132
6 168
7 208
8 252
9 300
