Point 0 : {0.5}
0 0 2
0 1 0.868589
0 2 0.707107
Point 1 : {1}
0 0 1
0 1 0.434294
0 2 0.5
Point 2 : {1.5}
0 0 0.666667
0 1 0.28953
0 2 0.408248
Point 3 : {2}
0 0 0.5
0 1 0.217147
0 2 0.353553
Point 4 : {2.5}
0 0 0.4
0 1 0.173718
0 2 0.316228
Point 5 : {3}
0 0 0.333333
0 1 0.144765
0 2 0.288675
Point 6 : {3.5}
0 0 0.285714
0 1 0.124084
0 2 0.267261
Point 7 : {4}
0 0 0.25
0 1 0.108574
0 2 0.25
Point 8 : {4.5}
0 0 0.222222
0 1 0.0965099
0 2 0.235702
Point 9 : {5}
0 0 0.2
0 1 0.0868589
0 2 0.223607
Point 10 : {5.5}
0 0 0.181818
0 1 0.0789626
0 2 0.213201
Point 11 : {6}
0 0 0.166667
0 1 0.0723824
0 2 0.204124
Point 12 : {6.5}
0 0 0.153846
0 1 0.0668145
0 2 0.196116
Point 13 : {7}
0 0 0.142857
0 1 0.0620421
0 2 0.188982
Point 14 : {7.5}
0 0 0.133333
0 1 0.0579059
0 2 0.182574
Point 15 : {8}
0 0 0.125
0 1 0.0542868
0 2 0.176777
Point 16 : {8.5}
0 0 0.117647
0 1 0.0510935
0 2 0.171499
Point 17 : {9}
0 0 0.111111
0 1 0.0482549
0 2 0.166667
Point 18 : {9.5}
0 0 0.105263
0 1 0.0457152
0 2 0.162221
Point 19 : {10}
0 0 0.1
0 1 0.0434294
0 2 0.158114
