Point 0 : {2}
Seed 0 : {1, 2, 3, 4, 5, 6, 7, 8, 9, 10}
0 155
Point 0 : {12}
Seed 0 : {11, 12, 13, 14, 15, 16, 17, 18, 19, 20}
0 0
